Archive member included to satisfy reference by file (symbol)

c:/st/stm32cubeide_1.8.0/stm32cubeide/plugins/com.st.stm32cube.ide.mcu.externaltools.gnu-tools-for-stm32.9-2020-q2-update.win32_2.0.0.202105311346/tools/bin/../lib/gcc/arm-none-eabi/9.3.1/../../../../arm-none-eabi/lib/thumb/v7e-m+fp/hard\libc_nano.a(lib_a-errno.o)
                              ./Core/Src/syscalls.o (__errno)
c:/st/stm32cubeide_1.8.0/stm32cubeide/plugins/com.st.stm32cube.ide.mcu.externaltools.gnu-tools-for-stm32.9-2020-q2-update.win32_2.0.0.202105311346/tools/bin/../lib/gcc/arm-none-eabi/9.3.1/../../../../arm-none-eabi/lib/thumb/v7e-m+fp/hard\libc_nano.a(lib_a-exit.o)
                              c:/st/stm32cubeide_1.8.0/stm32cubeide/plugins/com.st.stm32cube.ide.mcu.externaltools.gnu-tools-for-stm32.9-2020-q2-update.win32_2.0.0.202105311346/tools/bin/../lib/gcc/arm-none-eabi/9.3.1/../../../../arm-none-eabi/lib/thumb/v7e-m+fp/hard/crt0.o (exit)
c:/st/stm32cubeide_1.8.0/stm32cubeide/plugins/com.st.stm32cube.ide.mcu.externaltools.gnu-tools-for-stm32.9-2020-q2-update.win32_2.0.0.202105311346/tools/bin/../lib/gcc/arm-none-eabi/9.3.1/../../../../arm-none-eabi/lib/thumb/v7e-m+fp/hard\libc_nano.a(lib_a-impure.o)
                              c:/st/stm32cubeide_1.8.0/stm32cubeide/plugins/com.st.stm32cube.ide.mcu.externaltools.gnu-tools-for-stm32.9-2020-q2-update.win32_2.0.0.202105311346/tools/bin/../lib/gcc/arm-none-eabi/9.3.1/../../../../arm-none-eabi/lib/thumb/v7e-m+fp/hard\libc_nano.a(lib_a-exit.o) (_global_impure_ptr)
c:/st/stm32cubeide_1.8.0/stm32cubeide/plugins/com.st.stm32cube.ide.mcu.externaltools.gnu-tools-for-stm32.9-2020-q2-update.win32_2.0.0.202105311346/tools/bin/../lib/gcc/arm-none-eabi/9.3.1/../../../../arm-none-eabi/lib/thumb/v7e-m+fp/hard\libc_nano.a(lib_a-init.o)
                              c:/st/stm32cubeide_1.8.0/stm32cubeide/plugins/com.st.stm32cube.ide.mcu.externaltools.gnu-tools-for-stm32.9-2020-q2-update.win32_2.0.0.202105311346/tools/bin/../lib/gcc/arm-none-eabi/9.3.1/../../../../arm-none-eabi/lib/thumb/v7e-m+fp/hard/crt0.o (__libc_init_array)
c:/st/stm32cubeide_1.8.0/stm32cubeide/plugins/com.st.stm32cube.ide.mcu.externaltools.gnu-tools-for-stm32.9-2020-q2-update.win32_2.0.0.202105311346/tools/bin/../lib/gcc/arm-none-eabi/9.3.1/../../../../arm-none-eabi/lib/thumb/v7e-m+fp/hard\libc_nano.a(lib_a-memset.o)
                              c:/st/stm32cubeide_1.8.0/stm32cubeide/plugins/com.st.stm32cube.ide.mcu.externaltools.gnu-tools-for-stm32.9-2020-q2-update.win32_2.0.0.202105311346/tools/bin/../lib/gcc/arm-none-eabi/9.3.1/../../../../arm-none-eabi/lib/thumb/v7e-m+fp/hard/crt0.o (memset)
c:/st/stm32cubeide_1.8.0/stm32cubeide/plugins/com.st.stm32cube.ide.mcu.externaltools.gnu-tools-for-stm32.9-2020-q2-update.win32_2.0.0.202105311346/tools/bin/../lib/gcc/arm-none-eabi/9.3.1/thumb/v7e-m+fp/hard\libgcc.a(_arm_muldf3.o)
                              ./Core/Src/main.o (__aeabi_dmul)
c:/st/stm32cubeide_1.8.0/stm32cubeide/plugins/com.st.stm32cube.ide.mcu.externaltools.gnu-tools-for-stm32.9-2020-q2-update.win32_2.0.0.202105311346/tools/bin/../lib/gcc/arm-none-eabi/9.3.1/thumb/v7e-m+fp/hard\libgcc.a(_arm_addsubdf3.o)
                              ./Core/Src/main.o (__aeabi_dsub)
c:/st/stm32cubeide_1.8.0/stm32cubeide/plugins/com.st.stm32cube.ide.mcu.externaltools.gnu-tools-for-stm32.9-2020-q2-update.win32_2.0.0.202105311346/tools/bin/../lib/gcc/arm-none-eabi/9.3.1/thumb/v7e-m+fp/hard\libgcc.a(_arm_muldivdf3.o)
                              ./Core/Src/main.o (__aeabi_ddiv)
c:/st/stm32cubeide_1.8.0/stm32cubeide/plugins/com.st.stm32cube.ide.mcu.externaltools.gnu-tools-for-stm32.9-2020-q2-update.win32_2.0.0.202105311346/tools/bin/../lib/gcc/arm-none-eabi/9.3.1/thumb/v7e-m+fp/hard\libgcc.a(_arm_truncdfsf2.o)
                              ./Core/Src/main.o (__aeabi_d2f)
c:/st/stm32cubeide_1.8.0/stm32cubeide/plugins/com.st.stm32cube.ide.mcu.externaltools.gnu-tools-for-stm32.9-2020-q2-update.win32_2.0.0.202105311346/tools/bin/../lib/gcc/arm-none-eabi/9.3.1/thumb/v7e-m+fp/hard\libgcc.a(_arm_addsubsf3.o)
                              ./Core/Src/main.o (__aeabi_ul2f)
c:/st/stm32cubeide_1.8.0/stm32cubeide/plugins/com.st.stm32cube.ide.mcu.externaltools.gnu-tools-for-stm32.9-2020-q2-update.win32_2.0.0.202105311346/tools/bin/../lib/gcc/arm-none-eabi/9.3.1/thumb/v7e-m+fp/hard\libgcc.a(_aeabi_uldivmod.o)
                              ./Drivers/STM32F4xx_HAL_Driver/Src/stm32f4xx_hal_rcc.o (__aeabi_uldivmod)
c:/st/stm32cubeide_1.8.0/stm32cubeide/plugins/com.st.stm32cube.ide.mcu.externaltools.gnu-tools-for-stm32.9-2020-q2-update.win32_2.0.0.202105311346/tools/bin/../lib/gcc/arm-none-eabi/9.3.1/thumb/v7e-m+fp/hard\libgcc.a(_udivmoddi4.o)
                              c:/st/stm32cubeide_1.8.0/stm32cubeide/plugins/com.st.stm32cube.ide.mcu.externaltools.gnu-tools-for-stm32.9-2020-q2-update.win32_2.0.0.202105311346/tools/bin/../lib/gcc/arm-none-eabi/9.3.1/thumb/v7e-m+fp/hard\libgcc.a(_aeabi_uldivmod.o) (__udivmoddi4)
[...]
Memory Configuration

Name             Origin             Length             Attributes
RAM              0x0000000020000000 0x0000000000020000 xrw
FLASH            0x0000000008000000 0x0000000000080000 xr
*default*        0x0000000000000000 0xffffffffffffffff

Linker script and memory map

LOAD c:/st/stm32cubeide_1.8.0/stm32cubeide/plugins/com.st.stm32cube.ide.mcu.externaltools.gnu-tools-for-stm32.9-2020-q2-update.win32_2.0.0.202105311346/tools/bin/../lib/gcc/arm-none-eabi/9.3.1/thumb/v7e-m+fp/hard/crti.o
LOAD c:/st/stm32cubeide_1.8.0/stm32cubeide/plugins/com.st.stm32cube.ide.mcu.externaltools.gnu-tools-for-stm32.9-2020-q2-update.win32_2.0.0.202105311346/tools/bin/../lib/gcc/arm-none-eabi/9.3.1/thumb/v7e-m+fp/hard/crtbegin.o
LOAD c:/st/stm32cubeide_1.8.0/stm32cubeide/plugins/com.st.stm32cube.ide.mcu.externaltools.gnu-tools-for-stm32.9-2020-q2-update.win32_2.0.0.202105311346/tools/bin/../lib/gcc/arm-none-eabi/9.3.1/../../../../arm-none-eabi/lib/thumb/v7e-m+fp/hard/crt0.o
LOAD ./Core/Inc/kalmanfilter.o
LOAD ./Core/Inc/matrix.o
LOAD ./Core/Src/main.o
LOAD ./Core/Src/stm32f4xx_hal_msp.o
LOAD ./Core/Src/stm32f4xx_it.o
LOAD ./Core/Src/syscalls.o
LOAD ./Core/Src/sysmem.o
LOAD ./Core/Src/system_stm32f4xx.o
LOAD ./Core/Startup/startup_stm32f411retx.o
LOAD ./Drivers/STM32F4xx_HAL_Driver/Src/stm32f4xx_hal.o
LOAD ./Drivers/STM32F4xx_HAL_Driver/Src/stm32f4xx_hal_cortex.o
LOAD ./Drivers/STM32F4xx_HAL_Driver/Src/stm32f4xx_hal_dma.o
LOAD ./Drivers/STM32F4xx_HAL_Driver/Src/stm32f4xx_hal_dma_ex.o
LOAD ./Drivers/STM32F4xx_HAL_Driver/Src/stm32f4xx_hal_exti.o
LOAD ./Drivers/STM32F4xx_HAL_Driver/Src/stm32f4xx_hal_flash.o
LOAD ./Drivers/STM32F4xx_HAL_Driver/Src/stm32f4xx_hal_flash_ex.o
LOAD ./Drivers/STM32F4xx_HAL_Driver/Src/stm32f4xx_hal_flash_ramfunc.o
LOAD ./Drivers/STM32F4xx_HAL_Driver/Src/stm32f4xx_hal_gpio.o
LOAD ./Drivers/STM32F4xx_HAL_Driver/Src/stm32f4xx_hal_pwr.o
LOAD ./Drivers/STM32F4xx_HAL_Driver/Src/stm32f4xx_hal_pwr_ex.o
LOAD ./Drivers/STM32F4xx_HAL_Driver/Src/stm32f4xx_hal_rcc.o
LOAD ./Drivers/STM32F4xx_HAL_Driver/Src/stm32f4xx_hal_rcc_ex.o
LOAD ./Drivers/STM32F4xx_HAL_Driver/Src/stm32f4xx_hal_tim.o
LOAD ./Drivers/STM32F4xx_HAL_Driver/Src/stm32f4xx_hal_tim_ex.o
LOAD ./Drivers/STM32F4xx_HAL_Driver/Src/stm32f4xx_hal_uart.o
START GROUP
LOAD c:/st/stm32cubeide_1.8.0/stm32cubeide/plugins/com.st.stm32cube.ide.mcu.externaltools.gnu-tools-for-stm32.9-2020-q2-update.win32_2.0.0.202105311346/tools/bin/../lib/gcc/arm-none-eabi/9.3.1/../../../../arm-none-eabi/lib/thumb/v7e-m+fp/hard\libstdc++_nano.a
LOAD c:/st/stm32cubeide_1.8.0/stm32cubeide/plugins/com.st.stm32cube.ide.mcu.externaltools.gnu-tools-for-stm32.9-2020-q2-update.win32_2.0.0.202105311346/tools/bin/../lib/gcc/arm-none-eabi/9.3.1/../../../../arm-none-eabi/lib/thumb/v7e-m+fp/hard\libsupc++_nano.a
END GROUP
LOAD c:/st/stm32cubeide_1.8.0/stm32cubeide/plugins/com.st.stm32cube.ide.mcu.externaltools.gnu-tools-for-stm32.9-2020-q2-update.win32_2.0.0.202105311346/tools/bin/../lib/gcc/arm-none-eabi/9.3.1/../../../../arm-none-eabi/lib/thumb/v7e-m+fp/hard\libstdc++_nano.a
LOAD c:/st/stm32cubeide_1.8.0/stm32cubeide/plugins/com.st.stm32cube.ide.mcu.externaltools.gnu-tools-for-stm32.9-2020-q2-update.win32_2.0.0.202105311346/tools/bin/../lib/gcc/arm-none-eabi/9.3.1/../../../../arm-none-eabi/lib/thumb/v7e-m+fp/hard\libm.a
LOAD c:/st/stm32cubeide_1.8.0/stm32cubeide/plugins/com.st.stm32cube.ide.mcu.externaltools.gnu-tools-for-stm32.9-2020-q2-update.win32_2.0.0.202105311346/tools/bin/../lib/gcc/arm-none-eabi/9.3.1/../../../../arm-none-eabi/lib/thumb/v7e-m+fp/hard\libc_nano.a
START GROUP
LOAD c:/st/stm32cubeide_1.8.0/stm32cubeide/plugins/com.st.stm32cube.ide.mcu.externaltools.gnu-tools-for-stm32.9-2020-q2-update.win32_2.0.0.202105311346/tools/bin/../lib/gcc/arm-none-eabi/9.3.1/thumb/v7e-m+fp/hard\libgcc.a
LOAD c:/st/stm32cubeide_1.8.0/stm32cubeide/plugins/com.st.stm32cube.ide.mcu.externaltools.gnu-tools-for-stm32.9-2020-q2-update.win32_2.0.0.202105311346/tools/bin/../lib/gcc/arm-none-eabi/9.3.1/../../../../arm-none-eabi/lib/thumb/v7e-m+fp/hard\libc_nano.a
END GROUP
START GROUP
LOAD c:/st/stm32cubeide_1.8.0/stm32cubeide/plugins/com.st.stm32cube.ide.mcu.externaltools.gnu-tools-for-stm32.9-2020-q2-update.win32_2.0.0.202105311346/tools/bin/../lib/gcc/arm-none-eabi/9.3.1/thumb/v7e-m+fp/hard\libgcc.a
LOAD c:/st/stm32cubeide_1.8.0/stm32cubeide/plugins/com.st.stm32cube.ide.mcu.externaltools.gnu-tools-for-stm32.9-2020-q2-update.win32_2.0.0.202105311346/tools/bin/../lib/gcc/arm-none-eabi/9.3.1/../../../../arm-none-eabi/lib/thumb/v7e-m+fp/hard\libc_nano.a
END GROUP
LOAD c:/st/stm32cubeide_1.8.0/stm32cubeide/plugins/com.st.stm32cube.ide.mcu.externaltools.gnu-tools-for-stm32.9-2020-q2-update.win32_2.0.0.202105311346/tools/bin/../lib/gcc/arm-none-eabi/9.3.1/thumb/v7e-m+fp/hard/crtend.o
LOAD c:/st/stm32cubeide_1.8.0/stm32cubeide/plugins/com.st.stm32cube.ide.mcu.externaltools.gnu-tools-for-stm32.9-2020-q2-update.win32_2.0.0.202105311346/tools/bin/../lib/gcc/arm-none-eabi/9.3.1/thumb/v7e-m+fp/hard/crtn.o
                0x0000000020020000                _estack = (ORIGIN (RAM) + LENGTH (RAM))
                0x0000000000000200                _Min_Heap_Size = 0x200
                0x0000000000000400                _Min_Stack_Size = 0x400

.isr_vector     0x0000000008000000      0x198
                0x0000000008000000                . = ALIGN (0x4)
 *(.isr_vector)
 .isr_vector    0x0000000008000000      0x198 ./Core/Startup/startup_stm32f411retx.o
                0x0000000008000000                g_pfnVectors
                0x0000000008000198                . = ALIGN (0x4)

.text           0x0000000008000198     0x4718
                0x0000000008000198                . = ALIGN (0x4)
 *(.text)
 .text          0x0000000008000198       0x40 c:/st/stm32cubeide_1.8.0/stm32cubeide/plugins/com.st.stm32cube.ide.mcu.externaltools.gnu-tools-for-stm32.9-2020-q2-update.win32_2.0.0.202105311346/tools/bin/../lib/gcc/arm-none-eabi/9.3.1/thumb/v7e-m+fp/hard/crtbegin.o
 .text          0x00000000080001d8      0x378 c:/st/stm32cubeide_1.8.0/stm32cubeide/plugins/com.st.stm32cube.ide.mcu.externaltools.gnu-tools-for-stm32.9-2020-q2-update.win32_2.0.0.202105311346/tools/bin/../lib/gcc/arm-none-eabi/9.3.1/thumb/v7e-m+fp/hard\libgcc.a(_arm_addsubdf3.o)
                0x00000000080001d8                __aeabi_drsub
                0x00000000080001e0                __aeabi_dsub
                0x00000000080001e0                __subdf3
                0x00000000080001e4                __aeabi_dadd
                0x00000000080001e4                __adddf3
                0x000000000800045c                __floatunsidf
                0x000000000800045c                __aeabi_ui2d
                0x000000000800047c                __floatsidf
                0x000000000800047c                __aeabi_i2d
                0x00000000080004a0                __aeabi_f2d
                0x00000000080004a0                __extendsfdf2
                0x00000000080004e4                __floatundidf
                0x00000000080004e4                __aeabi_ul2d
                0x00000000080004f4                __floatdidf
                0x00000000080004f4                __aeabi_l2d
 .text          0x0000000008000550      0x424 c:/st/stm32cubeide_1.8.0/stm32cubeide/plugins/com.st.stm32cube.ide.mcu.externaltools.gnu-tools-for-stm32.9-2020-q2-update.win32_2.0.0.202105311346/tools/bin/../lib/gcc/arm-none-eabi/9.3.1/thumb/v7e-m+fp/hard\libgcc.a(_arm_muldivdf3.o)
                0x0000000008000550                __aeabi_dmul
                0x0000000008000550                __muldf3
                0x00000000080007a4                __divdf3
                0x00000000080007a4                __aeabi_ddiv
 .text          0x0000000008000974       0xa0 c:/st/stm32cubeide_1.8.0/stm32cubeide/plugins/com.st.stm32cube.ide.mcu.externaltools.gnu-tools-for-stm32.9-2020-q2-update.win32_2.0.0.202105311346/tools/bin/../lib/gcc/arm-none-eabi/9.3.1/thumb/v7e-m+fp/hard\libgcc.a(_arm_truncdfsf2.o)
                0x0000000008000974                __truncdfsf2
                0x0000000008000974                __aeabi_d2f
 .text          0x0000000008000a14      0x21c c:/st/stm32cubeide_1.8.0/stm32cubeide/plugins/com.st.stm32cube.ide.mcu.externaltools.gnu-tools-for-stm32.9-2020-q2-update.win32_2.0.0.202105311346/tools/bin/../lib/gcc/arm-none-eabi/9.3.1/thumb/v7e-m+fp/hard\libgcc.a(_arm_addsubsf3.o)
                0x0000000008000a14                __aeabi_frsub
                0x0000000008000a1c                __subsf3
                0x0000000008000a1c                __aeabi_fsub
                0x0000000008000a20                __aeabi_fadd
                0x0000000008000a20                __addsf3
                0x0000000008000b80                __aeabi_ui2f
                0x0000000008000b80                __floatunsisf
                0x0000000008000b88                __aeabi_i2f
                0x0000000008000b88                __floatsisf
                0x0000000008000ba4                __aeabi_ul2f
                0x0000000008000ba4                __floatundisf
                0x0000000008000bb4                __aeabi_l2f
                0x0000000008000bb4                __floatdisf
 .text          0x0000000008000c30       0x30 c:/st/stm32cubeide_1.8.0/stm32cubeide/plugins/com.st.stm32cube.ide.mcu.externaltools.gnu-tools-for-stm32.9-2020-q2-update.win32_2.0.0.202105311346/tools/bin/../lib/gcc/arm-none-eabi/9.3.1/thumb/v7e-m+fp/hard\libgcc.a(_aeabi_uldivmod.o)
                0x0000000008000c30                __aeabi_uldivmod
 .text          0x0000000008000c60      0x2c4 c:/st/stm32cubeide_1.8.0/stm32cubeide/plugins/com.st.stm32cube.ide.mcu.externaltools.gnu-tools-for-stm32.9-2020-q2-update.win32_2.0.0.202105311346/tools/bin/../lib/gcc/arm-none-eabi/9.3.1/thumb/v7e-m+fp/hard\libgcc.a(_udivmoddi4.o)
                0x0000000008000c60                __udivmoddi4
 .text          0x0000000008000f24        0x4 c:/st/stm32cubeide_1.8.0/stm32cubeide/plugins/com.st.stm32cube.ide.mcu.externaltools.gnu-tools-for-stm32.9-2020-q2-update.win32_2.0.0.202105311346/tools/bin/../lib/gcc/arm-none-eabi/9.3.1/thumb/v7e-m+fp/hard\libgcc.a(_dvmd_tls.o)
                0x0000000008000f24                __aeabi_idiv0
                0x0000000008000f24                __aeabi_ldiv0
 *(.text*)
 .text._ZN13kalman_filterC2Ev
                0x0000000008000f28      0x188 ./Core/Inc/kalmanfilter.o
                0x0000000008000f28                kalman_filter::kalman_filter()
                0x0000000008000f28                kalman_filter::kalman_filter()
 .text._ZN13kalman_filter7setAtoDE6matrixS0_S0_S0_
                0x00000000080010b0       0x84 ./Core/Inc/kalmanfilter.o
                0x00000000080010b0                kalman_filter::setAtoD(matrix, matrix, matrix, matrix)
 .text._ZN13kalman_filter6setQGRE6matrixS0_S0_
                0x0000000008001134       0x6c ./Core/Inc/kalmanfilter.o
                0x0000000008001134                kalman_filter::setQGR(matrix, matrix, matrix)
 .text._ZN13kalman_filter3runE6matrixS0_
                0x00000000080011a0       0xb6 ./Core/Inc/kalmanfilter.o
                0x00000000080011a0                kalman_filter::run(matrix, matrix)
 .text._ZN13kalman_filter13doKalman_gainEv
                0x0000000008001256       0xac ./Core/Inc/kalmanfilter.o
                0x0000000008001256                kalman_filter::doKalman_gain()
 .text._ZN13kalman_filter11doPredict_yEv
                0x0000000008001302       0x78 ./Core/Inc/kalmanfilter.o
                0x0000000008001302                kalman_filter::doPredict_y()
 .text._ZN13kalman_filter11doCorrect_pEv
                0x000000000800137a       0x64 ./Core/Inc/kalmanfilter.o
                0x000000000800137a                kalman_filter::doCorrect_p()
 .text._ZN13kalman_filter9doCorrectEv
                0x00000000080013de       0x50 ./Core/Inc/kalmanfilter.o
                0x00000000080013de                kalman_filter::doCorrect()
 .text._ZN13kalman_filter11doPredict_xEv
                0x000000000800142e       0x60 ./Core/Inc/kalmanfilter.o
                0x000000000800142e                kalman_filter::doPredict_x()
 .text._ZN13kalman_filter11doPredict_pEv
                0x000000000800148e       0xbe ./Core/Inc/kalmanfilter.o
                0x000000000800148e                kalman_filter::doPredict_p()
 .text._ZN13kalman_filter8doResultEv
                0x000000000800154c       0x80 ./Core/Inc/kalmanfilter.o
                0x000000000800154c                kalman_filter::doResult()
 .text._ZN6matrixC2Ev
                0x00000000080015cc       0x60 ./Core/Inc/matrix.o
                0x00000000080015cc                matrix::matrix()
                0x00000000080015cc                matrix::matrix()
 .text._ZN6matrixC2Eii
                0x000000000800162c       0x68 ./Core/Inc/matrix.o
                0x000000000800162c                matrix::matrix(int, int)
                0x000000000800162c                matrix::matrix(int, int)
 .text._ZN6matrixC2EiiPf
                0x0000000008001694       0x7a ./Core/Inc/matrix.o
                0x0000000008001694                matrix::matrix(int, int, float*)
                0x0000000008001694                matrix::matrix(int, int, float*)
 .text._ZN6matrixplERS_
                0x000000000800170e       0xb6 ./Core/Inc/matrix.o
                0x000000000800170e                matrix::operator+(matrix&)
 .text._ZN6matrixmiERS_
                0x00000000080017c4       0xb6 ./Core/Inc/matrix.o
                0x00000000080017c4                matrix::operator-(matrix&)
 .text._ZN6matrixmlERS_
                0x000000000800187a       0xd4 ./Core/Inc/matrix.o
                0x000000000800187a                matrix::operator*(matrix&)
 .text._ZN6matrix4setxEi
                0x000000000800194e       0x1c ./Core/Inc/matrix.o
                0x000000000800194e                matrix::setx(int)
 .text._ZN6matrix4setyEi
                0x000000000800196a       0x1c ./Core/Inc/matrix.o
                0x000000000800196a                matrix::sety(int)
 .text._ZN6matrix4readEPf
                0x0000000008001986       0x6e ./Core/Inc/matrix.o
                0x0000000008001986                matrix::read(float*)
 .text._ZN6matrix9transposeEv
                0x00000000080019f4       0x8a ./Core/Inc/matrix.o
                0x00000000080019f4                matrix::transpose()
 .text._ZN6matrix4gainEf
                0x0000000008001a7e       0x9a ./Core/Inc/matrix.o
                0x0000000008001a7e                matrix::gain(float)
 .text.main     0x0000000008001b18      0x300 ./Core/Src/main.o
                0x0000000008001b18                main
 .text._Z18SystemClock_Configv
                0x0000000008001e18       0xe4 ./Core/Src/main.o
                0x0000000008001e18                SystemClock_Config()
 .text._ZL12MX_TIM1_Initv
                0x0000000008001efc       0xc4 ./Core/Src/main.o
 .text._ZL12MX_TIM2_Initv
                0x0000000008001fc0       0xb8 ./Core/Src/main.o
 .text._ZL12MX_TIM3_Initv
                0x0000000008002078       0xbc ./Core/Src/main.o
 .text._ZL19MX_USART2_UART_Initv
                0x0000000008002134       0x5c ./Core/Src/main.o
 .text._ZL12MX_GPIO_Initv
                0x0000000008002190       0xf4 ./Core/Src/main.o
 .text.HAL_TIM_PeriodElapsedCallback
                0x0000000008002284       0x38 ./Core/Src/main.o
                0x0000000008002284                HAL_TIM_PeriodElapsedCallback
 *fill*         0x00000000080022bc        0x4 
 .text._Z8read_posv
                0x00000000080022c0      0x160 ./Core/Src/main.o
                0x00000000080022c0                read_pos()
 .text._Z6microsv
                0x0000000008002420       0x34 ./Core/Src/main.o
                0x0000000008002420                micros()
 .text.Error_Handler
                0x0000000008002454        0xa ./Core/Src/main.o
                0x0000000008002454                Error_Handler
 *fill*         0x000000000800245e        0x2 
 .text._Z41__static_initialization_and_destruction_0ii
                0x0000000008002460      0x140 ./Core/Src/main.o
 .text._GLOBAL__sub_I_htim1
                0x00000000080025a0       0x10 ./Core/Src/main.o
 .text.HAL_MspInit
                0x00000000080025b0       0x50 ./Core/Src/stm32f4xx_hal_msp.o
                0x00000000080025b0                HAL_MspInit
 .text.HAL_TIM_Encoder_MspInit
                0x0000000008002600      0x148 ./Core/Src/stm32f4xx_hal_msp.o
                0x0000000008002600                HAL_TIM_Encoder_MspInit
 .text.HAL_TIM_Base_MspInit
                0x0000000008002748       0x4c ./Core/Src/stm32f4xx_hal_msp.o
                0x0000000008002748                HAL_TIM_Base_MspInit
 .text.HAL_UART_MspInit
                0x0000000008002794       0x90 ./Core/Src/stm32f4xx_hal_msp.o
                0x0000000008002794                HAL_UART_MspInit
 .text.NMI_Handler
                0x0000000008002824        0x6 ./Core/Src/stm32f4xx_it.o
                0x0000000008002824                NMI_Handler
 .text.HardFault_Handler
                0x000000000800282a        0x6 ./Core/Src/stm32f4xx_it.o
                0x000000000800282a                HardFault_Handler
 .text.MemManage_Handler
                0x0000000008002830        0x6 ./Core/Src/stm32f4xx_it.o
                0x0000000008002830                MemManage_Handler
 .text.BusFault_Handler
                0x0000000008002836        0x6 ./Core/Src/stm32f4xx_it.o
                0x0000000008002836                BusFault_Handler
 .text.UsageFault_Handler
                0x000000000800283c        0x6 ./Core/Src/stm32f4xx_it.o
                0x000000000800283c                UsageFault_Handler
 .text.SVC_Handler
                0x0000000008002842        0xe ./Core/Src/stm32f4xx_it.o
                0x0000000008002842                SVC_Handler
 .text.DebugMon_Handler
                0x0000000008002850        0xe ./Core/Src/stm32f4xx_it.o
                0x0000000008002850                DebugMon_Handler
 .text.PendSV_Handler
                0x000000000800285e        0xe ./Core/Src/stm32f4xx_it.o
                0x000000000800285e                PendSV_Handler
 .text.SysTick_Handler
                0x000000000800286c        0xc ./Core/Src/stm32f4xx_it.o
                0x000000000800286c                SysTick_Handler
 .text.TIM1_BRK_TIM9_IRQHandler
                0x0000000008002878       0x14 ./Core/Src/stm32f4xx_it.o
                0x0000000008002878                TIM1_BRK_TIM9_IRQHandler
 .text.TIM1_UP_TIM10_IRQHandler
                0x000000000800288c       0x14 ./Core/Src/stm32f4xx_it.o
                0x000000000800288c                TIM1_UP_TIM10_IRQHandler
 .text.TIM1_TRG_COM_TIM11_IRQHandler
                0x00000000080028a0       0x14 ./Core/Src/stm32f4xx_it.o
                0x00000000080028a0                TIM1_TRG_COM_TIM11_IRQHandler
 .text.TIM1_CC_IRQHandler
                0x00000000080028b4       0x14 ./Core/Src/stm32f4xx_it.o
                0x00000000080028b4                TIM1_CC_IRQHandler
 .text.TIM2_IRQHandler
                0x00000000080028c8       0x14 ./Core/Src/stm32f4xx_it.o
                0x00000000080028c8                TIM2_IRQHandler
 .text.TIM3_IRQHandler
                0x00000000080028dc       0x14 ./Core/Src/stm32f4xx_it.o
                0x00000000080028dc                TIM3_IRQHandler
 .text.SystemInit
                0x00000000080028f0       0x24 ./Core/Src/system_stm32f4xx.o
                0x00000000080028f0                SystemInit
 .text.Reset_Handler
                0x0000000008002914       0x50 ./Core/Startup/startup_stm32f411retx.o
                0x0000000008002914                Reset_Handler
 .text.Default_Handler
                0x0000000008002964        0x2 ./Core/Startup/startup_stm32f411retx.o
                0x0000000008002964                RTC_Alarm_IRQHandler
                0x0000000008002964                EXTI2_IRQHandler
                0x0000000008002964                SPI4_IRQHandler
                0x0000000008002964                DMA2_Stream5_IRQHandler
                0x0000000008002964                DMA1_Stream5_IRQHandler
                0x0000000008002964                PVD_IRQHandler
                0x0000000008002964                SDIO_IRQHandler
                0x0000000008002964                TAMP_STAMP_IRQHandler
                0x0000000008002964                EXTI3_IRQHandler
                0x0000000008002964                I2C3_ER_IRQHandler
                0x0000000008002964                EXTI0_IRQHandler
                0x0000000008002964                I2C2_EV_IRQHandler
                0x0000000008002964                DMA1_Stream2_IRQHandler
                0x0000000008002964                FPU_IRQHandler
                0x0000000008002964                DMA2_Stream2_IRQHandler
                0x0000000008002964                SPI1_IRQHandler
                0x0000000008002964                DMA2_Stream3_IRQHandler
                0x0000000008002964                USART6_IRQHandler
                0x0000000008002964                DMA2_Stream0_IRQHandler
                0x0000000008002964                TIM4_IRQHandler
                0x0000000008002964                I2C1_EV_IRQHandler
                0x0000000008002964                DMA1_Stream6_IRQHandler
                0x0000000008002964                DMA1_Stream1_IRQHandler
                0x0000000008002964                RCC_IRQHandler
                0x0000000008002964                Default_Handler
                0x0000000008002964                EXTI15_10_IRQHandler
                0x0000000008002964                ADC_IRQHandler
                0x0000000008002964                DMA1_Stream7_IRQHandler
                0x0000000008002964                SPI5_IRQHandler
                0x0000000008002964                TIM5_IRQHandler
                0x0000000008002964                DMA2_Stream7_IRQHandler
                0x0000000008002964                I2C3_EV_IRQHandler
                0x0000000008002964                EXTI9_5_IRQHandler
                0x0000000008002964                RTC_WKUP_IRQHandler
                0x0000000008002964                SPI2_IRQHandler
                0x0000000008002964                DMA1_Stream0_IRQHandler
                0x0000000008002964                EXTI4_IRQHandler
                0x0000000008002964                WWDG_IRQHandler
                0x0000000008002964                OTG_FS_WKUP_IRQHandler
                0x0000000008002964                EXTI1_IRQHandler
                0x0000000008002964                USART2_IRQHandler
                0x0000000008002964                I2C2_ER_IRQHandler
                0x0000000008002964                DMA2_Stream1_IRQHandler
                0x0000000008002964                FLASH_IRQHandler
                0x0000000008002964                DMA2_Stream4_IRQHandler
                0x0000000008002964                USART1_IRQHandler
                0x0000000008002964                OTG_FS_IRQHandler
                0x0000000008002964                SPI3_IRQHandler
                0x0000000008002964                DMA1_Stream4_IRQHandler
                0x0000000008002964                I2C1_ER_IRQHandler
                0x0000000008002964                DMA2_Stream6_IRQHandler
                0x0000000008002964                DMA1_Stream3_IRQHandler
 *fill*         0x0000000008002966        0x2 
 .text.HAL_Init
                0x0000000008002968       0x44 ./Drivers/STM32F4xx_HAL_Driver/Src/stm32f4xx_hal.o
                0x0000000008002968                HAL_Init
 .text.HAL_InitTick
                0x00000000080029ac       0x60 ./Drivers/STM32F4xx_HAL_Driver/Src/stm32f4xx_hal.o
                0x00000000080029ac                HAL_InitTick
 .text.HAL_IncTick
                0x0000000008002a0c       0x28 ./Drivers/STM32F4xx_HAL_Driver/Src/stm32f4xx_hal.o
                0x0000000008002a0c                HAL_IncTick
 .text.HAL_GetTick
                0x0000000008002a34       0x18 ./Drivers/STM32F4xx_HAL_Driver/Src/stm32f4xx_hal.o
                0x0000000008002a34                HAL_GetTick
 .text.__NVIC_SetPriorityGrouping
                0x0000000008002a4c       0x48 ./Drivers/STM32F4xx_HAL_Driver/Src/stm32f4xx_hal_cortex.o
 .text.__NVIC_GetPriorityGrouping
                0x0000000008002a94       0x1c ./Drivers/STM32F4xx_HAL_Driver/Src/stm32f4xx_hal_cortex.o
 .text.__NVIC_EnableIRQ
                0x0000000008002ab0       0x3c ./Drivers/STM32F4xx_HAL_Driver/Src/stm32f4xx_hal_cortex.o
 .text.__NVIC_SetPriority
                0x0000000008002aec       0x54 ./Drivers/STM32F4xx_HAL_Driver/Src/stm32f4xx_hal_cortex.o
 .text.NVIC_EncodePriority
                0x0000000008002b40       0x66 ./Drivers/STM32F4xx_HAL_Driver/Src/stm32f4xx_hal_cortex.o
 *fill*         0x0000000008002ba6        0x2 
 .text.SysTick_Config
                0x0000000008002ba8       0x44 ./Drivers/STM32F4xx_HAL_Driver/Src/stm32f4xx_hal_cortex.o
 .text.HAL_NVIC_SetPriorityGrouping
                0x0000000008002bec       0x16 ./Drivers/STM32F4xx_HAL_Driver/Src/stm32f4xx_hal_cortex.o
                0x0000000008002bec                HAL_NVIC_SetPriorityGrouping
 .text.HAL_NVIC_SetPriority
                0x0000000008002c02       0x38 ./Drivers/STM32F4xx_HAL_Driver/Src/stm32f4xx_hal_cortex.o
                0x0000000008002c02                HAL_NVIC_SetPriority
 .text.HAL_NVIC_EnableIRQ
                0x0000000008002c3a       0x1c ./Drivers/STM32F4xx_HAL_Driver/Src/stm32f4xx_hal_cortex.o
                0x0000000008002c3a                HAL_NVIC_EnableIRQ
 .text.HAL_SYSTICK_Config
                0x0000000008002c56       0x18 ./Drivers/STM32F4xx_HAL_Driver/Src/stm32f4xx_hal_cortex.o
                0x0000000008002c56                HAL_SYSTICK_Config
 *fill*         0x0000000008002c6e        0x2 
 .text.HAL_GPIO_Init
                0x0000000008002c70      0x308 ./Drivers/STM32F4xx_HAL_Driver/Src/stm32f4xx_hal_gpio.o
                0x0000000008002c70                HAL_GPIO_Init
 .text.HAL_GPIO_WritePin
                0x0000000008002f78       0x32 ./Drivers/STM32F4xx_HAL_Driver/Src/stm32f4xx_hal_gpio.o
                0x0000000008002f78                HAL_GPIO_WritePin
 *fill*         0x0000000008002faa        0x2 
 .text.HAL_RCC_OscConfig
                0x0000000008002fac      0x4f0 ./Drivers/STM32F4xx_HAL_Driver/Src/stm32f4xx_hal_rcc.o
                0x0000000008002fac                HAL_RCC_OscConfig
 .text.HAL_RCC_ClockConfig
                0x000000000800349c      0x1cc ./Drivers/STM32F4xx_HAL_Driver/Src/stm32f4xx_hal_rcc.o
                0x000000000800349c                HAL_RCC_ClockConfig
 .text.HAL_RCC_GetSysClockFreq
                0x0000000008003668      0x1c4 ./Drivers/STM32F4xx_HAL_Driver/Src/stm32f4xx_hal_rcc.o
                0x0000000008003668                HAL_RCC_GetSysClockFreq
 .text.HAL_RCC_GetHCLKFreq
                0x000000000800382c       0x18 ./Drivers/STM32F4xx_HAL_Driver/Src/stm32f4xx_hal_rcc.o
                0x000000000800382c                HAL_RCC_GetHCLKFreq
 .text.HAL_RCC_GetPCLK1Freq
                0x0000000008003844       0x28 ./Drivers/STM32F4xx_HAL_Driver/Src/stm32f4xx_hal_rcc.o
                0x0000000008003844                HAL_RCC_GetPCLK1Freq
 .text.HAL_RCC_GetPCLK2Freq
                0x000000000800386c       0x28 ./Drivers/STM32F4xx_HAL_Driver/Src/stm32f4xx_hal_rcc.o
                0x000000000800386c                HAL_RCC_GetPCLK2Freq
 .text.HAL_TIM_Base_Init
                0x0000000008003894       0x9e ./Drivers/STM32F4xx_HAL_Driver/Src/stm32f4xx_hal_tim.o
                0x0000000008003894                HAL_TIM_Base_Init
 *fill*         0x0000000008003932        0x2 
 .text.HAL_TIM_Base_Start_IT
                0x0000000008003934       0xc4 ./Drivers/STM32F4xx_HAL_Driver/Src/stm32f4xx_hal_tim.o
                0x0000000008003934                HAL_TIM_Base_Start_IT
 .text.HAL_TIM_Encoder_Init
                0x00000000080039f8      0x14c ./Drivers/STM32F4xx_HAL_Driver/Src/stm32f4xx_hal_tim.o
                0x00000000080039f8                HAL_TIM_Encoder_Init
 .text.HAL_TIM_Encoder_Start_IT
                0x0000000008003b44      0x15c ./Drivers/STM32F4xx_HAL_Driver/Src/stm32f4xx_hal_tim.o
                0x0000000008003b44                HAL_TIM_Encoder_Start_IT
 .text.HAL_TIM_IRQHandler
                0x0000000008003ca0      0x210 ./Drivers/STM32F4xx_HAL_Driver/Src/stm32f4xx_hal_tim.o
                0x0000000008003ca0                HAL_TIM_IRQHandler
 .text.HAL_TIM_ConfigClockSource
                0x0000000008003eb0      0x18e ./Drivers/STM32F4xx_HAL_Driver/Src/stm32f4xx_hal_tim.o
                0x0000000008003eb0                HAL_TIM_ConfigClockSource
 .text.HAL_TIM_OC_DelayElapsedCallback
                0x000000000800403e       0x14 ./Drivers/STM32F4xx_HAL_Driver/Src/stm32f4xx_hal_tim.o
                0x000000000800403e                HAL_TIM_OC_DelayElapsedCallback
 .text.HAL_TIM_IC_CaptureCallback
                0x0000000008004052       0x14 ./Drivers/STM32F4xx_HAL_Driver/Src/stm32f4xx_hal_tim.o
                0x0000000008004052                HAL_TIM_IC_CaptureCallback
 .text.HAL_TIM_PWM_PulseFinishedCallback
                0x0000000008004066       0x14 ./Drivers/STM32F4xx_HAL_Driver/Src/stm32f4xx_hal_tim.o
                0x0000000008004066                HAL_TIM_PWM_PulseFinishedCallback
 .text.HAL_TIM_TriggerCallback
                0x000000000800407a       0x14 ./Drivers/STM32F4xx_HAL_Driver/Src/stm32f4xx_hal_tim.o
                0x000000000800407a                HAL_TIM_TriggerCallback
 *fill*         0x000000000800408e        0x2 
 .text.TIM_Base_SetConfig
                0x0000000008004090      0x100 ./Drivers/STM32F4xx_HAL_Driver/Src/stm32f4xx_hal_tim.o
                0x0000000008004090                TIM_Base_SetConfig
 .text.TIM_TI1_ConfigInputStage
                0x0000000008004190       0x5e ./Drivers/STM32F4xx_HAL_Driver/Src/stm32f4xx_hal_tim.o
 .text.TIM_TI2_ConfigInputStage
                0x00000000080041ee       0x60 ./Drivers/STM32F4xx_HAL_Driver/Src/stm32f4xx_hal_tim.o
 .text.TIM_ITRx_SetConfig
                0x000000000800424e       0x36 ./Drivers/STM32F4xx_HAL_Driver/Src/stm32f4xx_hal_tim.o
 .text.TIM_ETR_SetConfig
                0x0000000008004284       0x40 ./Drivers/STM32F4xx_HAL_Driver/Src/stm32f4xx_hal_tim.o
                0x0000000008004284                TIM_ETR_SetConfig
 .text.TIM_CCxChannelCmd
                0x00000000080042c4       0x4a ./Drivers/STM32F4xx_HAL_Driver/Src/stm32f4xx_hal_tim.o
                0x00000000080042c4                TIM_CCxChannelCmd
 *fill*         0x000000000800430e        0x2 
 .text.HAL_TIMEx_MasterConfigSynchronization
                0x0000000008004310       0xdc ./Drivers/STM32F4xx_HAL_Driver/Src/stm32f4xx_hal_tim_ex.o
                0x0000000008004310                HAL_TIMEx_MasterConfigSynchronization
 .text.HAL_TIMEx_CommutCallback
                0x00000000080043ec       0x14 ./Drivers/STM32F4xx_HAL_Driver/Src/stm32f4xx_hal_tim_ex.o
                0x00000000080043ec                HAL_TIMEx_CommutCallback
 .text.HAL_TIMEx_BreakCallback
                0x0000000008004400       0x14 ./Drivers/STM32F4xx_HAL_Driver/Src/stm32f4xx_hal_tim_ex.o
                0x0000000008004400                HAL_TIMEx_BreakCallback
 .text.HAL_UART_Init
                0x0000000008004414       0x9a ./Drivers/STM32F4xx_HAL_Driver/Src/stm32f4xx_hal_uart.o
                0x0000000008004414                HAL_UART_Init
 *fill*         0x00000000080044ae        0x2 
 .text.UART_SetConfig
                0x00000000080044b0      0x390 ./Drivers/STM32F4xx_HAL_Driver/Src/stm32f4xx_hal_uart.o
 .text.__libc_init_array
                0x0000000008004840       0x48 c:/st/stm32cubeide_1.8.0/stm32cubeide/plugins/com.st.stm32cube.ide.mcu.externaltools.gnu-tools-for-stm32.9-2020-q2-update.win32_2.0.0.202105311346/tools/bin/../lib/gcc/arm-none-eabi/9.3.1/../../../../arm-none-eabi/lib/thumb/v7e-m+fp/hard\libc_nano.a(lib_a-init.o)
                0x0000000008004840                __libc_init_array
 .text.memset   0x0000000008004888       0x10 c:/st/stm32cubeide_1.8.0/stm32cubeide/plugins/com.st.stm32cube.ide.mcu.externaltools.gnu-tools-for-stm32.9-2020-q2-update.win32_2.0.0.202105311346/tools/bin/../lib/gcc/arm-none-eabi/9.3.1/../../../../arm-none-eabi/lib/thumb/v7e-m+fp/hard\libc_nano.a(lib_a-memset.o)
                0x0000000008004888                memset
 *(.glue_7)
 .glue_7        0x0000000008004898        0x0 linker stubs
 *(.glue_7t)
 .glue_7t       0x0000000008004898        0x0 linker stubs
 *(.eh_frame)
 .eh_frame      0x0000000008004898        0x0 c:/st/stm32cubeide_1.8.0/stm32cubeide/plugins/com.st.stm32cube.ide.mcu.externaltools.gnu-tools-for-stm32.9-2020-q2-update.win32_2.0.0.202105311346/tools/bin/../lib/gcc/arm-none-eabi/9.3.1/thumb/v7e-m+fp/hard/crtbegin.o
 *(.init)
 .init          0x0000000008004898        0x4 c:/st/stm32cubeide_1.8.0/stm32cubeide/plugins/com.st.stm32cube.ide.mcu.externaltools.gnu-tools-for-stm32.9-2020-q2-update.win32_2.0.0.202105311346/tools/bin/../lib/gcc/arm-none-eabi/9.3.1/thumb/v7e-m+fp/hard/crti.o
                0x0000000008004898                _init
 .init          0x000000000800489c        0x8 c:/st/stm32cubeide_1.8.0/stm32cubeide/plugins/com.st.stm32cube.ide.mcu.externaltools.gnu-tools-for-stm32.9-2020-q2-update.win32_2.0.0.202105311346/tools/bin/../lib/gcc/arm-none-eabi/9.3.1/thumb/v7e-m+fp/hard/crtn.o
 *(.fini)
 .fini          0x00000000080048a4        0x4 c:/st/stm32cubeide_1.8.0/stm32cubeide/plugins/com.st.stm32cube.ide.mcu.externaltools.gnu-tools-for-stm32.9-2020-q2-update.win32_2.0.0.202105311346/tools/bin/../lib/gcc/arm-none-eabi/9.3.1/thumb/v7e-m+fp/hard/crti.o
                0x00000000080048a4                _fini
 .fini          0x00000000080048a8        0x8 c:/st/stm32cubeide_1.8.0/stm32cubeide/plugins/com.st.stm32cube.ide.mcu.externaltools.gnu-tools-for-stm32.9-2020-q2-update.win32_2.0.0.202105311346/tools/bin/../lib/gcc/arm-none-eabi/9.3.1/thumb/v7e-m+fp/hard/crtn.o
                0x00000000080048b0                . = ALIGN (0x4)
                0x00000000080048b0                _etext = .

.vfp11_veneer   0x00000000080048b0        0x0
 .vfp11_veneer  0x00000000080048b0        0x0 linker stubs

.v4_bx          0x00000000080048b0        0x0
 .v4_bx         0x00000000080048b0        0x0 linker stubs

.iplt           0x00000000080048b0        0x0
 .iplt          0x00000000080048b0        0x0 c:/st/stm32cubeide_1.8.0/stm32cubeide/plugins/com.st.stm32cube.ide.mcu.externaltools.gnu-tools-for-stm32.9-2020-q2-update.win32_2.0.0.202105311346/tools/bin/../lib/gcc/arm-none-eabi/9.3.1/thumb/v7e-m+fp/hard/crtbegin.o

.rodata         0x00000000080048b0       0x3c
                0x00000000080048b0                . = ALIGN (0x4)
 *(.rodata)
 .rodata        0x00000000080048b0       0x24 ./Core/Inc/kalmanfilter.o
 *(.rodata*)
 .rodata.AHBPrescTable
                0x00000000080048d4       0x10 ./Core/Src/system_stm32f4xx.o
                0x00000000080048d4                AHBPrescTable
 .rodata.APBPrescTable
                0x00000000080048e4        0x8 ./Core/Src/system_stm32f4xx.o
                0x00000000080048e4                APBPrescTable
                0x00000000080048ec                . = ALIGN (0x4)

.ARM.extab      0x00000000080048ec        0x0
                0x00000000080048ec                . = ALIGN (0x4)
 *(.ARM.extab* .gnu.linkonce.armextab.*)
                0x00000000080048ec                . = ALIGN (0x4)

.ARM            0x00000000080048ec        0x8
                0x00000000080048ec                . = ALIGN (0x4)
                0x00000000080048ec                __exidx_start = .
 *(.ARM.exidx*)
 .ARM.exidx     0x00000000080048ec        0x8 c:/st/stm32cubeide_1.8.0/stm32cubeide/plugins/com.st.stm32cube.ide.mcu.externaltools.gnu-tools-for-stm32.9-2020-q2-update.win32_2.0.0.202105311346/tools/bin/../lib/gcc/arm-none-eabi/9.3.1/thumb/v7e-m+fp/hard\libgcc.a(_udivmoddi4.o)
                0x00000000080048f4                __exidx_end = .
                0x00000000080048f4                . = ALIGN (0x4)

.rel.dyn        0x00000000080048f4        0x0
 .rel.iplt      0x00000000080048f4        0x0 c:/st/stm32cubeide_1.8.0/stm32cubeide/plugins/com.st.stm32cube.ide.mcu.externaltools.gnu-tools-for-stm32.9-2020-q2-update.win32_2.0.0.202105311346/tools/bin/../lib/gcc/arm-none-eabi/9.3.1/thumb/v7e-m+fp/hard/crtbegin.o

.preinit_array  0x00000000080048f4        0x0
                0x00000000080048f4                . = ALIGN (0x4)
                0x00000000080048f4                PROVIDE (__preinit_array_start = .)
 *(.preinit_array*)
                0x00000000080048f4                PROVIDE (__preinit_array_end = .)
                0x00000000080048f4                . = ALIGN (0x4)

.init_array     0x00000000080048f4        0x8
                0x00000000080048f4                . = ALIGN (0x4)
                0x00000000080048f4                PROVIDE (__init_array_start = .)
 *(SORT_BY_NAME(.init_array.*))
 *(.init_array*)
 .init_array    0x00000000080048f4        0x4 c:/st/stm32cubeide_1.8.0/stm32cubeide/plugins/com.st.stm32cube.ide.mcu.externaltools.gnu-tools-for-stm32.9-2020-q2-update.win32_2.0.0.202105311346/tools/bin/../lib/gcc/arm-none-eabi/9.3.1/thumb/v7e-m+fp/hard/crtbegin.o
 .init_array    0x00000000080048f8        0x4 ./Core/Src/main.o
                0x00000000080048fc                PROVIDE (__init_array_end = .)
                0x00000000080048fc                . = ALIGN (0x4)

.fini_array     0x00000000080048fc        0x4
                0x00000000080048fc                . = ALIGN (0x4)
                [!provide]                        PROVIDE (__fini_array_start = .)
 *(SORT_BY_NAME(.fini_array.*))
 *(.fini_array*)
 .fini_array    0x00000000080048fc        0x4 c:/st/stm32cubeide_1.8.0/stm32cubeide/plugins/com.st.stm32cube.ide.mcu.externaltools.gnu-tools-for-stm32.9-2020-q2-update.win32_2.0.0.202105311346/tools/bin/../lib/gcc/arm-none-eabi/9.3.1/thumb/v7e-m+fp/hard/crtbegin.o
                [!provide]                        PROVIDE (__fini_array_end = .)
                0x0000000008004900                . = ALIGN (0x4)
                0x0000000008004900                _sidata = LOADADDR (.data)

.data           0x0000000020000000       0x14 load address 0x0000000008004900
                0x0000000020000000                . = ALIGN (0x4)
                0x0000000020000000                _sdata = .
 *(.data)
 *(.data*)
 .data.angle_old
                0x0000000020000000        0x4 ./Core/Src/main.o
                0x0000000020000000                angle_old
 .data.treshold
                0x0000000020000004        0x4 ./Core/Src/main.o
                0x0000000020000004                treshold
 .data.SystemCoreClock
                0x0000000020000008        0x4 ./Core/Src/system_stm32f4xx.o
                0x0000000020000008                SystemCoreClock
 .data.uwTickPrio
                0x000000002000000c        0x4 ./Drivers/STM32F4xx_HAL_Driver/Src/stm32f4xx_hal.o
                0x000000002000000c                uwTickPrio
 .data.uwTickFreq
                0x0000000020000010        0x1 ./Drivers/STM32F4xx_HAL_Driver/Src/stm32f4xx_hal.o
                0x0000000020000010                uwTickFreq
 *(.RamFunc)
 *(.RamFunc*)
                0x0000000020000014                . = ALIGN (0x4)
 *fill*         0x0000000020000011        0x3 
                0x0000000020000014                _edata = .

.igot.plt       0x0000000020000014        0x0 load address 0x0000000008004914
 .igot.plt      0x0000000020000014        0x0 c:/st/stm32cubeide_1.8.0/stm32cubeide/plugins/com.st.stm32cube.ide.mcu.externaltools.gnu-tools-for-stm32.9-2020-q2-update.win32_2.0.0.202105311346/tools/bin/../lib/gcc/arm-none-eabi/9.3.1/thumb/v7e-m+fp/hard/crtbegin.o
                0x0000000020000014                . = ALIGN (0x4)

.bss            0x0000000020000018      0x8fc load address 0x0000000008004914
                0x0000000020000018                _sbss = .
                0x0000000020000018                __bss_start__ = _sbss
 *(.bss)
 .bss           0x0000000020000018       0x1c c:/st/stm32cubeide_1.8.0/stm32cubeide/plugins/com.st.stm32cube.ide.mcu.externaltools.gnu-tools-for-stm32.9-2020-q2-update.win32_2.0.0.202105311346/tools/bin/../lib/gcc/arm-none-eabi/9.3.1/thumb/v7e-m+fp/hard/crtbegin.o
 *(.bss*)
 .bss.htim1     0x0000000020000034       0x48 ./Core/Src/main.o
                0x0000000020000034                htim1
 .bss.htim2     0x000000002000007c       0x48 ./Core/Src/main.o
                0x000000002000007c                htim2
 .bss.htim3     0x00000000200000c4       0x48 ./Core/Src/main.o
                0x00000000200000c4                htim3
 .bss.huart2    0x000000002000010c       0x44 ./Core/Src/main.o
                0x000000002000010c                huart2
 .bss._ZL9timeStamp
                0x0000000020000150        0x8 ./Core/Src/main.o
 .bss._micros   0x0000000020000158        0x8 ./Core/Src/main.o
                0x0000000020000158                _micros
 .bss.A         0x0000000020000160       0x2c ./Core/Src/main.o
                0x0000000020000160                A
 .bss.B         0x000000002000018c       0x2c ./Core/Src/main.o
                0x000000002000018c                B
 .bss.C         0x00000000200001b8       0x2c ./Core/Src/main.o
                0x00000000200001b8                C
 .bss.D         0x00000000200001e4       0x2c ./Core/Src/main.o
                0x00000000200001e4                D
 .bss.R         0x0000000020000210       0x2c ./Core/Src/main.o
                0x0000000020000210                R
 .bss.G         0x000000002000023c       0x2c ./Core/Src/main.o
                0x000000002000023c                G
 .bss.Q         0x0000000020000268       0x2c ./Core/Src/main.o
                0x0000000020000268                Q
 .bss.y         0x0000000020000294       0x2c ./Core/Src/main.o
                0x0000000020000294                y
 .bss.u         0x00000000200002c0       0x2c ./Core/Src/main.o
                0x00000000200002c0                u
 .bss.gainK     0x00000000200002ec       0x2c ./Core/Src/main.o
                0x00000000200002ec                gainK
 .bss.errorY    0x0000000020000318       0x2c ./Core/Src/main.o
                0x0000000020000318                errorY
 .bss.U         0x0000000020000344       0x2c ./Core/Src/main.o
                0x0000000020000344                U
 .bss.Y         0x0000000020000370       0x2c ./Core/Src/main.o
                0x0000000020000370                Y
 .bss.I33       0x000000002000039c       0x2c ./Core/Src/main.o
                0x000000002000039c                I33
 .bss.P         0x00000000200003c8       0x2c ./Core/Src/main.o
                0x00000000200003c8                P
 .bss.P_old     0x00000000200003f4       0x2c ./Core/Src/main.o
                0x00000000200003f4                P_old
 .bss.P_new     0x0000000020000420       0x2c ./Core/Src/main.o
                0x0000000020000420                P_new
 .bss.predictX  0x000000002000044c       0x2c ./Core/Src/main.o
                0x000000002000044c                predictX
 .bss.predictX_old
                0x0000000020000478       0x2c ./Core/Src/main.o
                0x0000000020000478                predictX_old
 .bss.predictX_new
                0x00000000200004a4       0x2c ./Core/Src/main.o
                0x00000000200004a4                predictX_new
 .bss.resultX   0x00000000200004d0       0x2c ./Core/Src/main.o
                0x00000000200004d0                resultX
 .bss.resultY   0x00000000200004fc       0x2c ./Core/Src/main.o
                0x00000000200004fc                resultY
 .bss.testInv   0x0000000020000528       0x2c ./Core/Src/main.o
                0x0000000020000528                testInv
 .bss.testTrans
                0x0000000020000554       0x2c ./Core/Src/main.o
                0x0000000020000554                testTrans
 .bss.filter    0x0000000020000580      0x370 ./Core/Src/main.o
                0x0000000020000580                filter
 .bss.DegRel    0x00000000200008f0        0x4 ./Core/Src/main.o
                0x00000000200008f0                DegRel
 .bss.pos       0x00000000200008f4        0x4 ./Core/Src/main.o
                0x00000000200008f4                pos
 .bss.angle     0x00000000200008f8        0x4 ./Core/Src/main.o
                0x00000000200008f8                angle
 .bss.angle_oppset
                0x00000000200008fc        0x4 ./Core/Src/main.o
                0x00000000200008fc                angle_oppset
 .bss.angle_total
                0x0000000020000900        0x4 ./Core/Src/main.o
                0x0000000020000900                angle_total
 .bss.delta     0x0000000020000904        0x4 ./Core/Src/main.o
                0x0000000020000904                delta
 .bss.speed     0x0000000020000908        0x4 ./Core/Src/main.o
                0x0000000020000908                speed
 .bss.acc       0x000000002000090c        0x4 ./Core/Src/main.o
                0x000000002000090c                acc
 *(COMMON)
 COMMON         0x0000000020000910        0x4 ./Drivers/STM32F4xx_HAL_Driver/Src/stm32f4xx_hal.o
                0x0000000020000910                uwTick
                0x0000000020000914                . = ALIGN (0x4)
                0x0000000020000914                _ebss = .
                0x0000000020000914                __bss_end__ = _ebss

._user_heap_stack
                0x0000000020000914      0x604 load address 0x0000000008004914
                0x0000000020000918                . = ALIGN (0x8)
 *fill*         0x0000000020000914        0x4 
                [!provide]                        PROVIDE (end = .)
                0x0000000020000918                PROVIDE (_end = .)
                0x0000000020000b18                . = (. + _Min_Heap_Size)
 *fill*         0x0000000020000918      0x200 
                0x0000000020000f18                . = (. + _Min_Stack_Size)
 *fill*         0x0000000020000b18      0x400 
                0x0000000020000f18                . = ALIGN (0x8)

/DISCARD/
 libc.a(*)
 libm.a(*)
 libgcc.a(*)

.ARM.attributes
                0x0000000000000000       0x30
 *(.ARM.attributes)
 .ARM.attributes
                0x0000000000000000       0x1e c:/st/stm32cubeide_1.8.0/stm32cubeide/plugins/com.st.stm32cube.ide.mcu.externaltools.gnu-tools-for-stm32.9-2020-q2-update.win32_2.0.0.202105311346/tools/bin/../lib/gcc/arm-none-eabi/9.3.1/thumb/v7e-m+fp/hard/crti.o
 .ARM.attributes
                0x000000000000001e       0x34 c:/st/stm32cubeide_1.8.0/stm32cubeide/plugins/com.st.stm32cube.ide.mcu.externaltools.gnu-tools-for-stm32.9-2020-q2-update.win32_2.0.0.202105311346/tools/bin/../lib/gcc/arm-none-eabi/9.3.1/thumb/v7e-m+fp/hard/crtbegin.o
 .ARM.attributes
                0x0000000000000052       0x34 ./Core/Inc/kalmanfilter.o
 .ARM.attributes
                0x0000000000000086       0x34 ./Core/Inc/matrix.o
 .ARM.attributes
                0x00000000000000ba       0x34 ./Core/Src/main.o
 .ARM.attributes
                0x00000000000000ee       0x34 ./Core/Src/stm32f4xx_hal_msp.o
 .ARM.attributes
                0x0000000000000122       0x34 ./Core/Src/stm32f4xx_it.o
 .ARM.attributes
                0x0000000000000156       0x34 ./Core/Src/system_stm32f4xx.o
 .ARM.attributes
                0x000000000000018a       0x21 ./Core/Startup/startup_stm32f411retx.o
 .ARM.attributes
                0x00000000000001ab       0x34 ./Drivers/STM32F4xx_HAL_Driver/Src/stm32f4xx_hal.o
 .ARM.attributes
                0x00000000000001df       0x34 ./Drivers/STM32F4xx_HAL_Driver/Src/stm32f4xx_hal_cortex.o
 .ARM.attributes
                0x0000000000000213       0x34 ./Drivers/STM32F4xx_HAL_Driver/Src/stm32f4xx_hal_gpio.o
 .ARM.attributes
                0x0000000000000247       0x34 ./Drivers/STM32F4xx_HAL_Driver/Src/stm32f4xx_hal_rcc.o
 .ARM.attributes
                0x000000000000027b       0x34 ./Drivers/STM32F4xx_HAL_Driver/Src/stm32f4xx_hal_tim.o
 .ARM.attributes
                0x00000000000002af       0x34 ./Drivers/STM32F4xx_HAL_Driver/Src/stm32f4xx_hal_tim_ex.o
 .ARM.attributes
                0x00000000000002e3       0x34 ./Drivers/STM32F4xx_HAL_Driver/Src/stm32f4xx_hal_uart.o
 .ARM.attributes
                0x0000000000000317       0x34 c:/st/stm32cubeide_1.8.0/stm32cubeide/plugins/com.st.stm32cube.ide.mcu.externaltools.gnu-tools-for-stm32.9-2020-q2-update.win32_2.0.0.202105311346/tools/bin/../lib/gcc/arm-none-eabi/9.3.1/../../../../arm-none-eabi/lib/thumb/v7e-m+fp/hard\libc_nano.a(lib_a-init.o)
 .ARM.attributes
                0x000000000000034b       0x34 c:/st/stm32cubeide_1.8.0/stm32cubeide/plugins/com.st.stm32cube.ide.mcu.externaltools.gnu-tools-for-stm32.9-2020-q2-update.win32_2.0.0.202105311346/tools/bin/../lib/gcc/arm-none-eabi/9.3.1/../../../../arm-none-eabi/lib/thumb/v7e-m+fp/hard\libc_nano.a(lib_a-memset.o)
 .ARM.attributes
                0x000000000000037f       0x1e c:/st/stm32cubeide_1.8.0/stm32cubeide/plugins/com.st.stm32cube.ide.mcu.externaltools.gnu-tools-for-stm32.9-2020-q2-update.win32_2.0.0.202105311346/tools/bin/../lib/gcc/arm-none-eabi/9.3.1/thumb/v7e-m+fp/hard\libgcc.a(_arm_addsubdf3.o)
 .ARM.attributes
                0x000000000000039d       0x1e c:/st/stm32cubeide_1.8.0/stm32cubeide/plugins/com.st.stm32cube.ide.mcu.externaltools.gnu-tools-for-stm32.9-2020-q2-update.win32_2.0.0.202105311346/tools/bin/../lib/gcc/arm-none-eabi/9.3.1/thumb/v7e-m+fp/hard\libgcc.a(_arm_muldivdf3.o)
 .ARM.attributes
                0x00000000000003bb       0x1e c:/st/stm32cubeide_1.8.0/stm32cubeide/plugins/com.st.stm32cube.ide.mcu.externaltools.gnu-tools-for-stm32.9-2020-q2-update.win32_2.0.0.202105311346/tools/bin/../lib/gcc/arm-none-eabi/9.3.1/thumb/v7e-m+fp/hard\libgcc.a(_arm_truncdfsf2.o)
 .ARM.attributes
                0x00000000000003d9       0x1e c:/st/stm32cubeide_1.8.0/stm32cubeide/plugins/com.st.stm32cube.ide.mcu.externaltools.gnu-tools-for-stm32.9-2020-q2-update.win32_2.0.0.202105311346/tools/bin/../lib/gcc/arm-none-eabi/9.3.1/thumb/v7e-m+fp/hard\libgcc.a(_arm_addsubsf3.o)
 .ARM.attributes
                0x00000000000003f7       0x1e c:/st/stm32cubeide_1.8.0/stm32cubeide/plugins/com.st.stm32cube.ide.mcu.externaltools.gnu-tools-for-stm32.9-2020-q2-update.win32_2.0.0.202105311346/tools/bin/../lib/gcc/arm-none-eabi/9.3.1/thumb/v7e-m+fp/hard\libgcc.a(_aeabi_uldivmod.o)
 .ARM.attributes
                0x0000000000000415       0x34 c:/st/stm32cubeide_1.8.0/stm32cubeide/plugins/com.st.stm32cube.ide.mcu.externaltools.gnu-tools-for-stm32.9-2020-q2-update.win32_2.0.0.202105311346/tools/bin/../lib/gcc/arm-none-eabi/9.3.1/thumb/v7e-m+fp/hard\libgcc.a(_udivmoddi4.o)
 .ARM.attributes
                0x0000000000000449       0x1e c:/st/stm32cubeide_1.8.0/stm32cubeide/plugins/com.st.stm32cube.ide.mcu.externaltools.gnu-tools-for-stm32.9-2020-q2-update.win32_2.0.0.202105311346/tools/bin/../lib/gcc/arm-none-eabi/9.3.1/thumb/v7e-m+fp/hard\libgcc.a(_dvmd_tls.o)
 .ARM.attributes
                0x0000000000000467       0x1e c:/st/stm32cubeide_1.8.0/stm32cubeide/plugins/com.st.stm32cube.ide.mcu.externaltools.gnu-tools-for-stm32.9-2020-q2-update.win32_2.0.0.202105311346/tools/bin/../lib/gcc/arm-none-eabi/9.3.1/thumb/v7e-m+fp/hard/crtn.o
OUTPUT(control lab3.elf elf32-littlearm)
LOAD linker stubs
LOAD c:/st/stm32cubeide_1.8.0/stm32cubeide/plugins/com.st.stm32cube.ide.mcu.externaltools.gnu-tools-for-stm32.9-2020-q2-update.win32_2.0.0.202105311346/tools/bin/../lib/gcc/arm-none-eabi/9.3.1/../../../../arm-none-eabi/lib/thumb/v7e-m+fp/hard\libc.a
LOAD c:/st/stm32cubeide_1.8.0/stm32cubeide/plugins/com.st.stm32cube.ide.mcu.externaltools.gnu-tools-for-stm32.9-2020-q2-update.win32_2.0.0.202105311346/tools/bin/../lib/gcc/arm-none-eabi/9.3.1/../../../../arm-none-eabi/lib/thumb/v7e-m+fp/hard\libm.a
LOAD c:/st/stm32cubeide_1.8.0/stm32cubeide/plugins/com.st.stm32cube.ide.mcu.externaltools.gnu-tools-for-stm32.9-2020-q2-update.win32_2.0.0.202105311346/tools/bin/../lib/gcc/arm-none-eabi/9.3.1/thumb/v7e-m+fp/hard\libgcc.a

.debug_info     0x0000000000000000    0x10fb8
 .debug_info    0x0000000000000000      0x893 ./Core/Inc/kalmanfilter.o
 .debug_info    0x0000000000000893      0x8b2 ./Core/Inc/matrix.o
 .debug_info    0x0000000000001145     0x42ab ./Core/Src/main.o
 .debug_info    0x00000000000053f0     0x1034 ./Core/Src/stm32f4xx_hal_msp.o
 .debug_info    0x0000000000006424      0x86d ./Core/Src/stm32f4xx_it.o
 .debug_info    0x0000000000006c91      0x5d0 ./Core/Src/system_stm32f4xx.o
 .debug_info    0x0000000000007261       0x22 ./Core/Startup/startup_stm32f411retx.o
 .debug_info    0x0000000000007283      0x944 ./Drivers/STM32F4xx_HAL_Driver/Src/stm32f4xx_hal.o
 .debug_info    0x0000000000007bc7      0xe47 ./Drivers/STM32F4xx_HAL_Driver/Src/stm32f4xx_hal_cortex.o
 .debug_info    0x0000000000008a0e      0x862 ./Drivers/STM32F4xx_HAL_Driver/Src/stm32f4xx_hal_gpio.o
 .debug_info    0x0000000000009270      0x9be ./Drivers/STM32F4xx_HAL_Driver/Src/stm32f4xx_hal_rcc.o
 .debug_info    0x0000000000009c2e     0x2c1a ./Drivers/STM32F4xx_HAL_Driver/Src/stm32f4xx_hal_tim.o
 .debug_info    0x000000000000c848     0x159a ./Drivers/STM32F4xx_HAL_Driver/Src/stm32f4xx_hal_tim_ex.o
 .debug_info    0x000000000000dde2     0x31d6 ./Drivers/STM32F4xx_HAL_Driver/Src/stm32f4xx_hal_uart.o

.debug_abbrev   0x0000000000000000     0x20ef
 .debug_abbrev  0x0000000000000000      0x255 ./Core/Inc/kalmanfilter.o
 .debug_abbrev  0x0000000000000255      0x243 ./Core/Inc/matrix.o
 .debug_abbrev  0x0000000000000498      0x5b7 ./Core/Src/main.o
 .debug_abbrev  0x0000000000000a4f      0x206 ./Core/Src/stm32f4xx_hal_msp.o
 .debug_abbrev  0x0000000000000c55      0x1a1 ./Core/Src/stm32f4xx_it.o
 .debug_abbrev  0x0000000000000df6      0x145 ./Core/Src/system_stm32f4xx.o
 .debug_abbrev  0x0000000000000f3b       0x12 ./Core/Startup/startup_stm32f411retx.o
 .debug_abbrev  0x0000000000000f4d      0x21e ./Drivers/STM32F4xx_HAL_Driver/Src/stm32f4xx_hal.o
 .debug_abbrev  0x000000000000116b      0x33c ./Drivers/STM32F4xx_HAL_Driver/Src/stm32f4xx_hal_cortex.o
 .debug_abbrev  0x00000000000014a7      0x1f1 ./Drivers/STM32F4xx_HAL_Driver/Src/stm32f4xx_hal_gpio.o
 .debug_abbrev  0x0000000000001698      0x275 ./Drivers/STM32F4xx_HAL_Driver/Src/stm32f4xx_hal_rcc.o
 .debug_abbrev  0x000000000000190d      0x26f ./Drivers/STM32F4xx_HAL_Driver/Src/stm32f4xx_hal_tim.o
 .debug_abbrev  0x0000000000001b7c      0x277 ./Drivers/STM32F4xx_HAL_Driver/Src/stm32f4xx_hal_tim_ex.o
 .debug_abbrev  0x0000000000001df3      0x2fc ./Drivers/STM32F4xx_HAL_Driver/Src/stm32f4xx_hal_uart.o

.debug_aranges  0x0000000000000000      0xcc0
 .debug_aranges
                0x0000000000000000       0x70 ./Core/Inc/kalmanfilter.o
 .debug_aranges
                0x0000000000000070       0x80 ./Core/Inc/matrix.o
 .debug_aranges
                0x00000000000000f0       0x80 ./Core/Src/main.o
 .debug_aranges
                0x0000000000000170       0x50 ./Core/Src/stm32f4xx_hal_msp.o
 .debug_aranges
                0x00000000000001c0       0x90 ./Core/Src/stm32f4xx_it.o
 .debug_aranges
                0x0000000000000250       0x28 ./Core/Src/system_stm32f4xx.o
 .debug_aranges
                0x0000000000000278       0x28 ./Core/Startup/startup_stm32f411retx.o
 .debug_aranges
                0x00000000000002a0       0xf0 ./Drivers/STM32F4xx_HAL_Driver/Src/stm32f4xx_hal.o
 .debug_aranges
                0x0000000000000390      0x118 ./Drivers/STM32F4xx_HAL_Driver/Src/stm32f4xx_hal_cortex.o
 .debug_aranges
                0x00000000000004a8       0x58 ./Drivers/STM32F4xx_HAL_Driver/Src/stm32f4xx_hal_gpio.o
 .debug_aranges
                0x0000000000000500       0x88 ./Drivers/STM32F4xx_HAL_Driver/Src/stm32f4xx_hal_rcc.o
 .debug_aranges
                0x0000000000000588      0x3d0 ./Drivers/STM32F4xx_HAL_Driver/Src/stm32f4xx_hal_tim.o
 .debug_aranges
                0x0000000000000958      0x168 ./Drivers/STM32F4xx_HAL_Driver/Src/stm32f4xx_hal_tim_ex.o
 .debug_aranges
                0x0000000000000ac0      0x200 ./Drivers/STM32F4xx_HAL_Driver/Src/stm32f4xx_hal_uart.o

.debug_ranges   0x0000000000000000      0xc18
 .debug_ranges  0x0000000000000000       0x60 ./Core/Inc/kalmanfilter.o
 .debug_ranges  0x0000000000000060       0x70 ./Core/Inc/matrix.o
 .debug_ranges  0x00000000000000d0       0x70 ./Core/Src/main.o
 .debug_ranges  0x0000000000000140       0x40 ./Core/Src/stm32f4xx_hal_msp.o
 .debug_ranges  0x0000000000000180       0x80 ./Core/Src/stm32f4xx_it.o
 .debug_ranges  0x0000000000000200       0x18 ./Core/Src/system_stm32f4xx.o
 .debug_ranges  0x0000000000000218       0x20 ./Core/Startup/startup_stm32f411retx.o
 .debug_ranges  0x0000000000000238       0xe0 ./Drivers/STM32F4xx_HAL_Driver/Src/stm32f4xx_hal.o
 .debug_ranges  0x0000000000000318      0x108 ./Drivers/STM32F4xx_HAL_Driver/Src/stm32f4xx_hal_cortex.o
 .debug_ranges  0x0000000000000420       0x48 ./Drivers/STM32F4xx_HAL_Driver/Src/stm32f4xx_hal_gpio.o
 .debug_ranges  0x0000000000000468       0x78 ./Drivers/STM32F4xx_HAL_Driver/Src/stm32f4xx_hal_rcc.o
 .debug_ranges  0x00000000000004e0      0x3c0 ./Drivers/STM32F4xx_HAL_Driver/Src/stm32f4xx_hal_tim.o
 .debug_ranges  0x00000000000008a0      0x158 ./Drivers/STM32F4xx_HAL_Driver/Src/stm32f4xx_hal_tim_ex.o
 .debug_ranges  0x00000000000009f8      0x220 ./Drivers/STM32F4xx_HAL_Driver/Src/stm32f4xx_hal_uart.o

.debug_macro    0x0000000000000000    0x18723
 .debug_macro   0x0000000000000000       0x25 ./Core/Inc/kalmanfilter.o
 .debug_macro   0x0000000000000025      0xb80 ./Core/Inc/kalmanfilter.o
 .debug_macro   0x0000000000000ba5       0x1b ./Core/Inc/matrix.o
 .debug_macro   0x0000000000000bc0      0x342 ./Core/Src/main.o
 .debug_macro   0x0000000000000f02      0x29b ./Core/Src/main.o
 .debug_macro   0x000000000000119d       0x2e ./Core/Src/main.o
 .debug_macro   0x00000000000011cb       0x28 ./Core/Src/main.o
 .debug_macro   0x00000000000011f3       0x1c ./Core/Src/main.o
 .debug_macro   0x000000000000120f       0x22 ./Core/Src/main.o
 .debug_macro   0x0000000000001231       0x8e ./Core/Src/main.o
 .debug_macro   0x00000000000012bf       0x51 ./Core/Src/main.o
 .debug_macro   0x0000000000001310      0x103 ./Core/Src/main.o
 .debug_macro   0x0000000000001413       0x6a ./Core/Src/main.o
 .debug_macro   0x000000000000147d      0x1df ./Core/Src/main.o
 .debug_macro   0x000000000000165c       0x1c ./Core/Src/main.o
 .debug_macro   0x0000000000001678       0x22 ./Core/Src/main.o
 .debug_macro   0x000000000000169a       0xdf ./Core/Src/main.o
 .debug_macro   0x0000000000001779     0x102d ./Core/Src/main.o
 .debug_macro   0x00000000000027a6      0x11f ./Core/Src/main.o
 .debug_macro   0x00000000000028c5     0xb953 ./Core/Src/main.o
 .debug_macro   0x000000000000e218       0x6d ./Core/Src/main.o
 .debug_macro   0x000000000000e285     0x3666 ./Core/Src/main.o
 .debug_macro   0x00000000000118eb      0x17b ./Core/Src/main.o
 .debug_macro   0x0000000000011a66       0x5c ./Core/Src/main.o
 .debug_macro   0x0000000000011ac2      0x447 ./Core/Src/main.o
 .debug_macro   0x0000000000011f09      0x9fe ./Core/Src/main.o
 .debug_macro   0x0000000000012907      0x116 ./Core/Src/main.o
 .debug_macro   0x0000000000012a1d      0x11b ./Core/Src/main.o
 .debug_macro   0x0000000000012b38       0xa5 ./Core/Src/main.o
 .debug_macro   0x0000000000012bdd      0x15f ./Core/Src/main.o
 .debug_macro   0x0000000000012d3c      0x287 ./Core/Src/main.o
 .debug_macro   0x0000000000012fc3       0x5f ./Core/Src/main.o
 .debug_macro   0x0000000000013022      0x236 ./Core/Src/main.o
 .debug_macro   0x0000000000013258      0x132 ./Core/Src/main.o
 .debug_macro   0x000000000001338a      0x264 ./Core/Src/main.o
 .debug_macro   0x00000000000135ee       0x2e ./Core/Src/main.o
 .debug_macro   0x000000000001361c      0x11a ./Core/Src/main.o
 .debug_macro   0x0000000000013736       0x85 ./Core/Src/main.o
 .debug_macro   0x00000000000137bb       0x89 ./Core/Src/main.o
 .debug_macro   0x0000000000013844      0x8d1 ./Core/Src/main.o
 .debug_macro   0x0000000000014115       0x47 ./Core/Src/main.o
 .debug_macro   0x000000000001415c      0x295 ./Core/Src/main.o
 .debug_macro   0x00000000000143f1      0x126 ./Core/Src/main.o
 .debug_macro   0x0000000000014517       0x58 ./Core/Src/main.o
 .debug_macro   0x000000000001456f      0x17c ./Core/Src/main.o
 .debug_macro   0x00000000000146eb       0x10 ./Core/Src/main.o
 .debug_macro   0x00000000000146fb      0x41e ./Core/Src/main.o
 .debug_macro   0x0000000000014b19       0x18 ./Core/Src/main.o
 .debug_macro   0x0000000000014b31       0x52 ./Core/Src/main.o
 .debug_macro   0x0000000000014b83       0x18 ./Core/Src/main.o
 .debug_macro   0x0000000000014b9b       0x3c ./Core/Src/main.o
 .debug_macro   0x0000000000014bd7       0x34 ./Core/Src/main.o
 .debug_macro   0x0000000000014c0b       0x16 ./Core/Src/main.o
 .debug_macro   0x0000000000014c21       0x43 ./Core/Src/main.o
 .debug_macro   0x0000000000014c64       0x34 ./Core/Src/main.o
 .debug_macro   0x0000000000014c98       0x10 ./Core/Src/main.o
 .debug_macro   0x0000000000014ca8       0x58 ./Core/Src/main.o
 .debug_macro   0x0000000000014d00       0x71 ./Core/Src/main.o
 .debug_macro   0x0000000000014d71       0x16 ./Core/Src/main.o
 .debug_macro   0x0000000000014d87      0x12a ./Core/Src/main.o
 .debug_macro   0x0000000000014eb1      0x356 ./Core/Src/main.o
 .debug_macro   0x0000000000015207      0x1a2 ./Core/Src/main.o
 .debug_macro   0x00000000000153a9       0x10 ./Core/Src/main.o
 .debug_macro   0x00000000000153b9       0x16 ./Core/Src/main.o
 .debug_macro   0x00000000000153cf       0x35 ./Core/Src/main.o
 .debug_macro   0x0000000000015404       0x16 ./Core/Src/main.o
 .debug_macro   0x000000000001541a       0x29 ./Core/Src/main.o
 .debug_macro   0x0000000000015443       0x10 ./Core/Src/main.o
 .debug_macro   0x0000000000015453      0x3c7 ./Core/Src/main.o
 .debug_macro   0x000000000001581a      0x1dd ./Core/Src/stm32f4xx_hal_msp.o
 .debug_macro   0x00000000000159f7      0xaa8 ./Core/Src/stm32f4xx_hal_msp.o
 .debug_macro   0x000000000001649f     0x102d ./Core/Src/stm32f4xx_hal_msp.o
 .debug_macro   0x00000000000174cc      0x174 ./Core/Src/stm32f4xx_hal_msp.o
 .debug_macro   0x0000000000017640      0x1e7 ./Core/Src/stm32f4xx_it.o
 .debug_macro   0x0000000000017827      0x1ce ./Core/Src/system_stm32f4xx.o
 .debug_macro   0x00000000000179f5      0x22e ./Drivers/STM32F4xx_HAL_Driver/Src/stm32f4xx_hal.o
 .debug_macro   0x0000000000017c23      0x1ce ./Drivers/STM32F4xx_HAL_Driver/Src/stm32f4xx_hal_cortex.o
 .debug_macro   0x0000000000017df1      0x1d4 ./Drivers/STM32F4xx_HAL_Driver/Src/stm32f4xx_hal_gpio.o
 .debug_macro   0x0000000000017fc5      0x1f2 ./Drivers/STM32F4xx_HAL_Driver/Src/stm32f4xx_hal_rcc.o
 .debug_macro   0x00000000000181b7      0x1cf ./Drivers/STM32F4xx_HAL_Driver/Src/stm32f4xx_hal_tim.o
 .debug_macro   0x0000000000018386      0x1ce ./Drivers/STM32F4xx_HAL_Driver/Src/stm32f4xx_hal_tim_ex.o
 .debug_macro   0x0000000000018554      0x1cf ./Drivers/STM32F4xx_HAL_Driver/Src/stm32f4xx_hal_uart.o

.debug_line     0x0000000000000000     0xd536
 .debug_line    0x0000000000000000      0x1e2 ./Core/Inc/kalmanfilter.o
 .debug_line    0x00000000000001e2      0x5d9 ./Core/Inc/matrix.o
 .debug_line    0x00000000000007bb      0xfa1 ./Core/Src/main.o
 .debug_line    0x000000000000175c      0x7dd ./Core/Src/stm32f4xx_hal_msp.o
 .debug_line    0x0000000000001f39      0x819 ./Core/Src/stm32f4xx_it.o
 .debug_line    0x0000000000002752      0x748 ./Core/Src/system_stm32f4xx.o
 .debug_line    0x0000000000002e9a       0x88 ./Core/Startup/startup_stm32f411retx.o
 .debug_line    0x0000000000002f22      0x9ae ./Drivers/STM32F4xx_HAL_Driver/Src/stm32f4xx_hal.o
 .debug_line    0x00000000000038d0      0xc5d ./Drivers/STM32F4xx_HAL_Driver/Src/stm32f4xx_hal_cortex.o
 .debug_line    0x000000000000452d      0xae8 ./Drivers/STM32F4xx_HAL_Driver/Src/stm32f4xx_hal_gpio.o
 .debug_line    0x0000000000005015      0xd2a ./Drivers/STM32F4xx_HAL_Driver/Src/stm32f4xx_hal_rcc.o
 .debug_line    0x0000000000005d3f     0x347c ./Drivers/STM32F4xx_HAL_Driver/Src/stm32f4xx_hal_tim.o
 .debug_line    0x00000000000091bb     0x1946 ./Drivers/STM32F4xx_HAL_Driver/Src/stm32f4xx_hal_tim_ex.o
 .debug_line    0x000000000000ab01     0x2a35 ./Drivers/STM32F4xx_HAL_Driver/Src/stm32f4xx_hal_uart.o

.debug_str      0x0000000000000000    0x9087a
 .debug_str     0x0000000000000000     0x35a3 ./Core/Inc/kalmanfilter.o
                                       0x35c4 (size before relaxing)
 .debug_str     0x00000000000035a3       0x58 ./Core/Inc/matrix.o
                                       0x3355 (size before relaxing)
 .debug_str     0x00000000000035fb    0x8a5ab ./Core/Src/main.o
                                      0x8e259 (size before relaxing)
 .debug_str     0x000000000008dba6      0x60e ./Core/Src/stm32f4xx_hal_msp.o
                                      0x876ea (size before relaxing)
 .debug_str     0x000000000008e1b4      0x140 ./Core/Src/stm32f4xx_it.o
                                      0x87075 (size before relaxing)
 .debug_str     0x000000000008e2f4       0xaf ./Core/Src/system_stm32f4xx.o
                                      0x86a8f (size before relaxing)
 .debug_str     0x000000000008e3a3       0x36 ./Core/Startup/startup_stm32f411retx.o
                                         0x68 (size before relaxing)
 .debug_str     0x000000000008e3d9      0x57b ./Drivers/STM32F4xx_HAL_Driver/Src/stm32f4xx_hal.o
                                      0x87419 (size before relaxing)
 .debug_str     0x000000000008e954      0x390 ./Drivers/STM32F4xx_HAL_Driver/Src/stm32f4xx_hal_cortex.o
                                      0x871f6 (size before relaxing)
 .debug_str     0x000000000008ece4      0x151 ./Drivers/STM32F4xx_HAL_Driver/Src/stm32f4xx_hal_gpio.o
                                      0x86c36 (size before relaxing)
 .debug_str     0x000000000008ee35      0x243 ./Drivers/STM32F4xx_HAL_Driver/Src/stm32f4xx_hal_rcc.o
                                      0x86e91 (size before relaxing)
 .debug_str     0x000000000008f078      0xd10 ./Drivers/STM32F4xx_HAL_Driver/Src/stm32f4xx_hal_tim.o
                                      0x87dac (size before relaxing)
 .debug_str     0x000000000008fd88      0x4ee ./Drivers/STM32F4xx_HAL_Driver/Src/stm32f4xx_hal_tim_ex.o
                                      0x8755d (size before relaxing)
 .debug_str     0x0000000000090276      0x604 ./Drivers/STM32F4xx_HAL_Driver/Src/stm32f4xx_hal_uart.o
                                      0x87405 (size before relaxing)

.comment        0x0000000000000000       0x53
 .comment       0x0000000000000000       0x53 ./Core/Inc/kalmanfilter.o
                                         0x54 (size before relaxing)
 .comment       0x0000000000000053       0x54 ./Core/Inc/matrix.o
 .comment       0x0000000000000053       0x54 ./Core/Src/main.o
 .comment       0x0000000000000053       0x54 ./Core/Src/stm32f4xx_hal_msp.o
 .comment       0x0000000000000053       0x54 ./Core/Src/stm32f4xx_it.o
 .comment       0x0000000000000053       0x54 ./Core/Src/system_stm32f4xx.o
 .comment       0x0000000000000053       0x54 ./Drivers/STM32F4xx_HAL_Driver/Src/stm32f4xx_hal.o
 .comment       0x0000000000000053       0x54 ./Drivers/STM32F4xx_HAL_Driver/Src/stm32f4xx_hal_cortex.o
 .comment       0x0000000000000053       0x54 ./Drivers/STM32F4xx_HAL_Driver/Src/stm32f4xx_hal_gpio.o
 .comment       0x0000000000000053       0x54 ./Drivers/STM32F4xx_HAL_Driver/Src/stm32f4xx_hal_rcc.o
 .comment       0x0000000000000053       0x54 ./Drivers/STM32F4xx_HAL_Driver/Src/stm32f4xx_hal_tim.o
 .comment       0x0000000000000053       0x54 ./Drivers/STM32F4xx_HAL_Driver/Src/stm32f4xx_hal_tim_ex.o
 .comment       0x0000000000000053       0x54 ./Drivers/STM32F4xx_HAL_Driver/Src/stm32f4xx_hal_uart.o

.debug_frame    0x0000000000000000     0x3760
 .debug_frame   0x0000000000000000      0x1fc ./Core/Inc/kalmanfilter.o
 .debug_frame   0x00000000000001fc      0x200 ./Core/Inc/matrix.o
 .debug_frame   0x00000000000003fc      0x1d4 ./Core/Src/main.o
 .debug_frame   0x00000000000005d0      0x10c ./Core/Src/stm32f4xx_hal_msp.o
 .debug_frame   0x00000000000006dc      0x1ac ./Core/Src/stm32f4xx_it.o
 .debug_frame   0x0000000000000888       0x58 ./Core/Src/system_stm32f4xx.o
 .debug_frame   0x00000000000008e0      0x374 ./Drivers/STM32F4xx_HAL_Driver/Src/stm32f4xx_hal.o
 .debug_frame   0x0000000000000c54      0x498 ./Drivers/STM32F4xx_HAL_Driver/Src/stm32f4xx_hal_cortex.o
 .debug_frame   0x00000000000010ec      0x14c ./Drivers/STM32F4xx_HAL_Driver/Src/stm32f4xx_hal_gpio.o
 .debug_frame   0x0000000000001238      0x1f0 ./Drivers/STM32F4xx_HAL_Driver/Src/stm32f4xx_hal_rcc.o
 .debug_frame   0x0000000000001428     0x11bc ./Drivers/STM32F4xx_HAL_Driver/Src/stm32f4xx_hal_tim.o
 .debug_frame   0x00000000000025e4      0x638 ./Drivers/STM32F4xx_HAL_Driver/Src/stm32f4xx_hal_tim_ex.o
 .debug_frame   0x0000000000002c1c      0x92c ./Drivers/STM32F4xx_HAL_Driver/Src/stm32f4xx_hal_uart.o
 .debug_frame   0x0000000000003548       0x2c c:/st/stm32cubeide_1.8.0/stm32cubeide/plugins/com.st.stm32cube.ide.mcu.externaltools.gnu-tools-for-stm32.9-2020-q2-update.win32_2.0.0.202105311346/tools/bin/../lib/gcc/arm-none-eabi/9.3.1/../../../../arm-none-eabi/lib/thumb/v7e-m+fp/hard\libc_nano.a(lib_a-init.o)
 .debug_frame   0x0000000000003574       0x20 c:/st/stm32cubeide_1.8.0/stm32cubeide/plugins/com.st.stm32cube.ide.mcu.externaltools.gnu-tools-for-stm32.9-2020-q2-update.win32_2.0.0.202105311346/tools/bin/../lib/gcc/arm-none-eabi/9.3.1/../../../../arm-none-eabi/lib/thumb/v7e-m+fp/hard\libc_nano.a(lib_a-memset.o)
 .debug_frame   0x0000000000003594       0xac c:/st/stm32cubeide_1.8.0/stm32cubeide/plugins/com.st.stm32cube.ide.mcu.externaltools.gnu-tools-for-stm32.9-2020-q2-update.win32_2.0.0.202105311346/tools/bin/../lib/gcc/arm-none-eabi/9.3.1/thumb/v7e-m+fp/hard\libgcc.a(_arm_addsubdf3.o)
 .debug_frame   0x0000000000003640       0x50 c:/st/stm32cubeide_1.8.0/stm32cubeide/plugins/com.st.stm32cube.ide.mcu.externaltools.gnu-tools-for-stm32.9-2020-q2-update.win32_2.0.0.202105311346/tools/bin/../lib/gcc/arm-none-eabi/9.3.1/thumb/v7e-m+fp/hard\libgcc.a(_arm_muldivdf3.o)
 .debug_frame   0x0000000000003690       0x24 c:/st/stm32cubeide_1.8.0/stm32cubeide/plugins/com.st.stm32cube.ide.mcu.externaltools.gnu-tools-for-stm32.9-2020-q2-update.win32_2.0.0.202105311346/tools/bin/../lib/gcc/arm-none-eabi/9.3.1/thumb/v7e-m+fp/hard\libgcc.a(_arm_truncdfsf2.o)
 .debug_frame   0x00000000000036b4       0x4c c:/st/stm32cubeide_1.8.0/stm32cubeide/plugins/com.st.stm32cube.ide.mcu.externaltools.gnu-tools-for-stm32.9-2020-q2-update.win32_2.0.0.202105311346/tools/bin/../lib/gcc/arm-none-eabi/9.3.1/thumb/v7e-m+fp/hard\libgcc.a(_arm_addsubsf3.o)
 .debug_frame   0x0000000000003700       0x2c c:/st/stm32cubeide_1.8.0/stm32cubeide/plugins/com.st.stm32cube.ide.mcu.externaltools.gnu-tools-for-stm32.9-2020-q2-update.win32_2.0.0.202105311346/tools/bin/../lib/gcc/arm-none-eabi/9.3.1/thumb/v7e-m+fp/hard\libgcc.a(_aeabi_uldivmod.o)
 .debug_frame   0x000000000000372c       0x34 c:/st/stm32cubeide_1.8.0/stm32cubeide/plugins/com.st.stm32cube.ide.mcu.externaltools.gnu-tools-for-stm32.9-2020-q2-update.win32_2.0.0.202105311346/tools/bin/../lib/gcc/arm-none-eabi/9.3.1/thumb/v7e-m+fp/hard\libgcc.a(_udivmoddi4.o)
