main.cpp:115:5:int main()	304	static
main.cpp:217:6:void SystemClock_Config()	88	static
main.cpp:259:13:void MX_TIM1_Init()	56	static
main.cpp:307:13:void MX_TIM2_Init()	32	static
main.cpp:349:13:void MX_TIM3_Init()	56	static
main.cpp:396:13:void MX_USART2_UART_Init()	8	static
main.cpp:427:13:void MX_GPIO_Init()	48	static
main.cpp:461:6:void HAL_TIM_PeriodElapsedCallback(TIM_HandleTypeDef*)	24	static
main.cpp:466:7:float read_pos()	8	static
main.cpp:484:10:uint64_t micros()	12	static
main.cpp:494:6:void Error_Handler()	4	static,ignoring_inline_asm
main.cpp:501:1:void __static_initialization_and_destruction_0(int, int)	16	static
main.cpp:501:1:cpp)	8	static
